{
  "version": "1.5.0",
  "plugins_used": [
    {
      "name": "ArtifactoryDetector"
    },
    {
      "name": "AWSKeyDetector"
    },
    {
      "name": "AzureStorageKeyDetector"
    },
    {
      "name": "Base64HighEntropyString",
      "limit": 4.5
    },
    {
      "name": "BasicAuthDetector"
    },
    {
      "name": "CloudantDetector"
    },
    {
      "name": "DiscordBotTokenDetector"
    },
    {
      "name": "GitHubTokenDetector"
    },
    {
      "name": "GitLabTokenDetector"
    },
    {
      "name": "HexHighEntropyString",
      "limit": 3.0
    },
    {
      "name": "IbmCloudIamDetector"
    },
    {
      "name": "IbmCosHmacDetector"
    },
    {
      "name": "IPPublicDetector"
    },
    {
      "name": "JwtTokenDetector"
    },
    {
      "name": "KeywordDetector",
      "keyword_exclude": ""
    },
    {
      "name": "MailchimpDetector"
    },
    {
      "name": "NpmDetector"
    },
    {
      "name": "OpenAIDetector"
    },
    {
      "name": "PrivateKeyDetector"
    },
    {
      "name": "PypiTokenDetector"
    },
    {
      "name": "SendGridDetector"
    },
    {
      "name": "SlackDetector"
    },
    {
      "name": "SoftlayerDetector"
    },
    {
      "name": "SquareOAuthDetector"
    },
    {
      "name": "StripeDetector"
    },
    {
      "name": "TelegramBotTokenDetector"
    },
    {
      "name": "TwilioKeyDetector"
    }
  ],
  "filters_used": [
    {
      "path": "detect_secrets.filters.allowlist.is_line_allowlisted"
    },
    {
      "path": "detect_secrets.filters.common.is_baseline_file",
      "filename": ".secrets.baseline"
    },
    {
      "path": "detect_secrets.filters.common.is_ignored_due_to_verification_policies",
      "min_level": 2
    },
    {
      "path": "detect_secrets.filters.heuristic.is_indirect_reference"
    },
    {
      "path": "detect_secrets.filters.heuristic.is_likely_id_string"
    },
    {
      "path": "detect_secrets.filters.heuristic.is_lock_file"
    },
    {
      "path": "detect_secrets.filters.heuristic.is_not_alphanumeric_string"
    },
    {
      "path": "detect_secrets.filters.heuristic.is_potential_uuid"
    },
    {
      "path": "detect_secrets.filters.heuristic.is_prefixed_with_dollar_sign"
    },
    {
      "path": "detect_secrets.filters.heuristic.is_sequential_string"
    },
    {
      "path": "detect_secrets.filters.heuristic.is_swagger_file"
    },
    {
      "path": "detect_secrets.filters.heuristic.is_templated_secret"
    },
    {
      "path": "detect_secrets.filters.regex.should_exclude_file",
      "pattern": [
        "\\.env$",
        "\\.venv/.*",
        "graphify-out/.*"
      ]
    }
  ],
  "results": {
    ".env.example": [
      {
        "type": "Basic Auth Credentials",
        "filename": ".env.example",
        "hashed_secret": "5baa61e4c9b93f3f0682250b6cf8331b7ee68fd8",
        "is_verified": false,
        "line_number": 11
      }
    ],
    "doc/deploy.md": [
      {
        "type": "Basic Auth Credentials",
        "filename": "doc/deploy.md",
        "hashed_secret": "112bb791304791ddcf692e29fd5cf149b35fea37",
        "is_verified": false,
        "line_number": 108
      }
    ],
    "doc/gemini_research.md": [
      {
        "type": "Secret Keyword",
        "filename": "doc/gemini_research.md",
        "hashed_secret": "a9f10deb63db9d328cd234a3a6b0a8f560aba08a",
        "is_verified": false,
        "line_number": 261
      },
      {
        "type": "Basic Auth Credentials",
        "filename": "doc/gemini_research.md",
        "hashed_secret": "9d4e1e23bd5b727046a9e3b4b7db57bd8d6ee684",
        "is_verified": false,
        "line_number": 681
      }
    ],
    "doc/vision.md": [
      {
        "type": "Basic Auth Credentials",
        "filename": "doc/vision.md",
        "hashed_secret": "9d4e1e23bd5b727046a9e3b4b7db57bd8d6ee684",
        "is_verified": false,
        "line_number": 941
      }
    ],
    "docker-compose.yml": [
      {
        "type": "Secret Keyword",
        "filename": "docker-compose.yml",
        "hashed_secret": "67f60cecf27d86e673ad48f99a09d2805a01dacd",
        "is_verified": false,
        "line_number": 63
      }
    ],
    "migrations/versions/20260526_a1b2c3d4e5f6_add_chosen_school_to_forecast_sub.py": [
      {
        "type": "Hex High Entropy String",
        "filename": "migrations/versions/20260526_a1b2c3d4e5f6_add_chosen_school_to_forecast_sub.py",
        "hashed_secret": "ef678205593788329ff416ce5c65fa04f33a05bd",
        "is_verified": false,
        "line_number": 23
      },
      {
        "type": "Hex High Entropy String",
        "filename": "migrations/versions/20260526_a1b2c3d4e5f6_add_chosen_school_to_forecast_sub.py",
        "hashed_secret": "050070a1581d8bf314c84dc06a8a879d4fdbeaa5",
        "is_verified": false,
        "line_number": 24
      }
    ],
    "migrations/versions/20260602_b2c3d4e5f6a7_add_default_school_to_charts.py": [
      {
        "type": "Hex High Entropy String",
        "filename": "migrations/versions/20260602_b2c3d4e5f6a7_add_default_school_to_charts.py",
        "hashed_secret": "7277847a690bab70c1fbc5ab8eddbbcecdad996c",
        "is_verified": false,
        "line_number": 23
      },
      {
        "type": "Hex High Entropy String",
        "filename": "migrations/versions/20260602_b2c3d4e5f6a7_add_default_school_to_charts.py",
        "hashed_secret": "ef678205593788329ff416ce5c65fa04f33a05bd",
        "is_verified": false,
        "line_number": 24
      }
    ],
    "migrations/versions/20260602_c3d4e5f6a7b8_add_payment_id.py": [
      {
        "type": "Hex High Entropy String",
        "filename": "migrations/versions/20260602_c3d4e5f6a7b8_add_payment_id.py",
        "hashed_secret": "5f54b82127fdf5d4704c3fa47ea6efb79f16f243",
        "is_verified": false,
        "line_number": 19
      },
      {
        "type": "Hex High Entropy String",
        "filename": "migrations/versions/20260602_c3d4e5f6a7b8_add_payment_id.py",
        "hashed_secret": "7277847a690bab70c1fbc5ab8eddbbcecdad996c",
        "is_verified": false,
        "line_number": 20
      }
    ],
    "tests/unit/test_ai/test_base_interpretation.py": [
      {
        "type": "Secret Keyword",
        "filename": "tests/unit/test_ai/test_base_interpretation.py",
        "hashed_secret": "73a9ced8c934fdf36f9c4061b641950eade1e5d2",
        "is_verified": false,
        "line_number": 168
      }
    ],
    "tests/unit/test_bot/test_scheduler.py": [
      {
        "type": "Basic Auth Credentials",
        "filename": "tests/unit/test_bot/test_scheduler.py",
        "hashed_secret": "37fa265330ad83eaa879efb1e2db6380896cf639",
        "is_verified": false,
        "line_number": 27
      }
    ]
  },
  "generated_at": "2026-06-02T09:57:42Z"
}
